// Jest Snapshot v1, https://goo.gl/fbAQLP

exports[`ScheduleDialog Sets correct schedule settings Sets to "1 Day 22:15" Sets to correct interval 1`] = `null`;

exports[`ScheduleDialog Sets correct schedule settings Sets to "1 Day 22:15" Sets to correct time 1`] = `null`;

exports[`ScheduleDialog Sets correct schedule settings Sets to "2 Hours" 1`] = `null`;

exports[`ScheduleDialog Sets correct schedule settings Sets to "2 Weeks 22:15 Tuesday" Sets to correct interval 1`] = `null`;

exports[`ScheduleDialog Sets correct schedule settings Sets to "2 Weeks 22:15 Tuesday" Sets to correct time 1`] = `null`;

exports[`ScheduleDialog Sets correct schedule settings Sets to "2 Weeks 22:15 Tuesday" Sets to correct weekday 1`] = `null`;

exports[`ScheduleDialog Sets correct schedule settings Sets to "5 Minutes" 1`] = `null`;

exports[`ScheduleDialog Sets correct schedule settings Sets to "Never" 1`] = `null`;

exports[`ScheduleDialog Sets correct schedule settings Supports 30 days interval with no time value Time is none 1`] = `null`;

exports[`ScheduleDialog Sets correct schedule settings Until feature Until is set 1`] = `null`;

exports[`ScheduleDialog Sets correct schedule settings Until feature Until not set 1`] = `null`;
